b'[AUTHENTICATIONFAILED] Authentication failed.'
